// Jest Snapshot v1, https://goo.gl/fbAQLP

exports[`renders correctly 1`] = `
<div
  className="App sc-gZMcBi fiETDR"
>
  <form
    className="sc-bdVaJa bPGLpq"
    onSubmit={[Function]}
  >
    <div>
      <label
        className="sc-bwzfXH uTxCW"
      >
        Name *
      </label>
      <input
        className="sc-htpNat drnJZU"
        name="name"
        onChange={[Function]}
        type="text"
        value=""
      />
    </div>
    <div>
      <label
        className="sc-bwzfXH uTxCW"
      >
        Email *
      </label>
      <input
        className="sc-htpNat drnJZU"
        name="email"
        onChange={[Function]}
        type="email"
        value=""
      />
    </div>
    <div>
      <label
        className="sc-bwzfXH uTxCW"
      >
        Rating *
      </label>
      <input
        className="sc-htpNat drnJZU"
        max="5"
        min="0"
        name="rating"
        onChange={[Function]}
        step="1"
        type="number"
      />
    </div>
    <div />
    <label
      className="sc-bwzfXH uTxCW"
    >
      Comment
    </label>
    <textarea
      className="sc-bxivhb dqNOXg"
      name="comment"
      onChange={[Function]}
      value=""
    />
    <input
      className="sc-htpNat drnJZU"
      type="submit"
    />
  </form>
  <div
    className="sc-dnqmqq eDLMuH"
  >
    There are no comments yet.
  </div>
</div>
`;
